// Jest Snapshot v1, https://goo.gl/fbAQLP

exports[`@amalgam-ui/generate-container cli should show help info 1`] = `
"generate-container <container-name>

Create container for Amalgam UI framework.

Positionals:
  container-name  The name of the container                             [string]

Options:
  -n, --namespace  The namespace for the container package.json
  -d, --dest       The destination path for the container [default: \\"packages/\\"]
  -h, --help       Show help                                           [boolean]
  -v, --version    Show version number                                 [boolean]
"
`;

exports[`@amalgam-ui/generate-container cli should show version 1`] = `
"0.0.1-alpha.0
"
`;
