// Jest Snapshot v1, https://goo.gl/fbAQLP

exports[`AmalgamTestContainer should render AmalgamTestContainer 1`] = `
<div
  className="component"
>
   
</div>
`;
